   1               		.file	"main.c"
   2               	__SP_H__ = 0x3e
   3               	__SP_L__ = 0x3d
   4               	__SREG__ = 0x3f
   5               	__tmp_reg__ = 0
   6               	__zero_reg__ = 1
   7               		.text
   8               	.Ltext0:
   9               		.cfi_sections	.debug_frame
  10               		.section	.text.startup,"ax",@progbits
  11               	.global	main
  13               	main:
  14               	.LFB0:
  15               		.file 1 "main.c"
   1:main.c        **** #define F_CPU 8000000UL
   2:main.c        **** #include <avr/io.h>
   3:main.c        **** 
   4:main.c        **** int main (void){
  16               		.loc 1 4 16 view -0
  17               		.cfi_startproc
  18               	/* prologue: function */
  19               	/* frame size = 0 */
  20               	/* stack size = 0 */
  21               	.L__stack_usage = 0
   5:main.c        ****   DDRD = 0xFF;
  22               		.loc 1 5 3 view .LVU1
  23               		.loc 1 5 8 is_stmt 0 view .LVU2
  24 0000 8FEF      		ldi r24,lo8(-1)
  25 0002 8AB9      		out 0xa,r24
   6:main.c        ****   DDRC &= ~((1<<PC5)|(1<<PC4)|(1<<PC3));
  26               		.loc 1 6 3 is_stmt 1 view .LVU3
  27               		.loc 1 6 8 is_stmt 0 view .LVU4
  28 0004 87B1      		in r24,0x7
  29 0006 877C      		andi r24,lo8(-57)
  30 0008 87B9      		out 0x7,r24
   7:main.c        **** 
   8:main.c        ****   if (!(PINC & (1<<PINC5))){
  31               		.loc 1 8 3 is_stmt 1 view .LVU5
  32               		.loc 1 8 6 is_stmt 0 view .LVU6
  33 000a 3599      		sbic 0x6,5
  34 000c 00C0      		rjmp .L2
   9:main.c        ****     PORTD |= (1 << PD0);
  35               		.loc 1 9 5 is_stmt 1 view .LVU7
  36               		.loc 1 9 11 is_stmt 0 view .LVU8
  37 000e 589A      		sbi 0xb,0
  38               	.L3:
  10:main.c        ****   }
  11:main.c        ****   else{
  12:main.c        ****     PORTD &= ~((1 << PD0));
  13:main.c        ****   }
  14:main.c        **** }
  39               		.loc 1 14 1 view .LVU9
  40 0010 90E0      		ldi r25,0
  41 0012 80E0      		ldi r24,0
  42               	/* epilogue start */
  43 0014 0895      		ret
  44               	.L2:
  12:main.c        ****   }
  45               		.loc 1 12 5 is_stmt 1 view .LVU10
  12:main.c        ****   }
  46               		.loc 1 12 11 is_stmt 0 view .LVU11
  47 0016 5898      		cbi 0xb,0
  48 0018 00C0      		rjmp .L3
  49               		.cfi_endproc
  50               	.LFE0:
  52               		.text
  53               	.Letext0:
  54               		.file 2 "/usr/local/Cellar/avr-gcc/8.2.0/avr/include/stdint.h"
DEFINED SYMBOLS
                            *ABS*:0000000000000000 main.c
/var/folders/sb/dvvy0dc50rs06dw8cf5_43c40000gn/T//ccXS7v0M.s:2      *ABS*:000000000000003e __SP_H__
/var/folders/sb/dvvy0dc50rs06dw8cf5_43c40000gn/T//ccXS7v0M.s:3      *ABS*:000000000000003d __SP_L__
/var/folders/sb/dvvy0dc50rs06dw8cf5_43c40000gn/T//ccXS7v0M.s:4      *ABS*:000000000000003f __SREG__
/var/folders/sb/dvvy0dc50rs06dw8cf5_43c40000gn/T//ccXS7v0M.s:5      *ABS*:0000000000000000 __tmp_reg__
/var/folders/sb/dvvy0dc50rs06dw8cf5_43c40000gn/T//ccXS7v0M.s:6      *ABS*:0000000000000001 __zero_reg__
/var/folders/sb/dvvy0dc50rs06dw8cf5_43c40000gn/T//ccXS7v0M.s:13     .text.startup:0000000000000000 main

NO UNDEFINED SYMBOLS
